
> un-playground-web@0.1.0 build
> vite build

[36mvite v5.4.21 [32mbuilding for production...[36m[39m
transforming...
[32m✓[39m 3 modules transformed.
[31mx[39m Build failed in 32ms
[31merror during build:
[31m[vite:esbuild] Transform failed with 1 error:
C:/dev/un.playground/web/src/App.tsx:270:10: ERROR: Unterminated regular expression[31m
file: [36mC:/dev/un.playground/web/src/App.tsx:270:10[31m
[33m
[33mUnterminated regular expression[33m
268|          </footer>
269|        </div>
270|      </div>
   |            ^
271|    )
272|  }
[31m
    at failureErrorWithLog (C:\dev\un.playground\web\node_modules\esbuild\lib\main.js:1472:15)
    at C:\dev\un.playground\web\node_modules\esbuild\lib\main.js:755:50
    at responseCallbacks.<computed> (C:\dev\un.playground\web\node_modules\esbuild\lib\main.js:622:9)
    at handleIncomingPacket (C:\dev\un.playground\web\node_modules\esbuild\lib\main.js:677:12)
    at Socket.readFromStdout (C:\dev\un.playground\web\node_modules\esbuild\lib\main.js:600:7)
    at Socket.emit (node:events:509:28)
    at addChunk (node:internal/streams/readable:563:12)
    at readableAddChunkPushByteMode (node:internal/streams/readable:514:3)
    at Readable.push (node:internal/streams/readable:394:5)
    at Pipe.onStreamRead (node:internal/stream_base_commons:189:23)[39m
